Gym has been unmaintained since 2022 and does not support NumPy 2.0 amongst other critical functionality.
Please upgrade to Gymnasium, the maintained drop-in replacement of Gym, or contact the authors of your software and request that they upgrade.
See the migration guide at https://gymnasium.farama.org/introduction/migration_guide/ for additional information.
D:\anaconda\envs\torch-gpu\Lib\site-packages\pygame\pkgdata.py:25: UserWarning: pkg_resources is deprecated as an API. See https://setuptools.pypa.io/en/latest/pkg_resources.html. The pkg_resources package is slated for removal as early as 2025-11-30. Refrain from using this package or pin to Setuptools<81.
  from pkg_resources import resource_stream, resource_exists
Using cache found in C:\Users\Lenovo/.cache\torch\hub\facebookresearch_dinov2_main
D:\anaconda\envs\torch-gpu\Lib\site-packages\sklearn\linear_model\_ridge.py:227: LinAlgWarning: An ill-conditioned matrix detected: slice 0 has rcond = 3.6998888397477003e-09.
  return linalg.solve(A, Xy, assume_a="pos", overwrite_a=True).T
D:\anaconda\envs\torch-gpu\Lib\site-packages\sklearn\linear_model\_ridge.py:227: LinAlgWarning: An ill-conditioned matrix detected: slice 0 has rcond = 5.709683836840895e-09.
  return linalg.solve(A, Xy, assume_a="pos", overwrite_a=True).T
D:\anaconda\envs\torch-gpu\Lib\site-packages\sklearn\linear_model\_ridge.py:227: LinAlgWarning: An ill-conditioned matrix detected: slice 0 has rcond = 4.408143627898653e-09.
  return linalg.solve(A, Xy, assume_a="pos", overwrite_a=True).T
D:\anaconda\envs\torch-gpu\Lib\site-packages\sklearn\linear_model\_ridge.py:227: LinAlgWarning: An ill-conditioned matrix detected: slice 0 has rcond = 8.24339885241443e-09.
  return linalg.solve(A, Xy, assume_a="pos", overwrite_a=True).T
D:\anaconda\envs\torch-gpu\Lib\site-packages\sklearn\linear_model\_ridge.py:227: LinAlgWarning: An ill-conditioned matrix detected: slice 0 has rcond = 4.686655508123749e-09.
  return linalg.solve(A, Xy, assume_a="pos", overwrite_a=True).T
D:\anaconda\envs\torch-gpu\Lib\site-packages\sklearn\linear_model\_ridge.py:227: LinAlgWarning: An ill-conditioned matrix detected: slice 0 has rcond = 7.785327227338712e-08.
  return linalg.solve(A, Xy, assume_a="pos", overwrite_a=True).T
D:\anaconda\envs\torch-gpu\Lib\site-packages\sklearn\linear_model\_ridge.py:227: LinAlgWarning: An ill-conditioned matrix detected: slice 0 has rcond = 7.399142987196683e-08.
  return linalg.solve(A, Xy, assume_a="pos", overwrite_a=True).T
D:\anaconda\envs\torch-gpu\Lib\site-packages\sklearn\linear_model\_ridge.py:227: LinAlgWarning: An ill-conditioned matrix detected: slice 0 has rcond = 7.034334004174525e-08.
  return linalg.solve(A, Xy, assume_a="pos", overwrite_a=True).T
D:\anaconda\envs\torch-gpu\Lib\site-packages\sklearn\linear_model\_ridge.py:227: LinAlgWarning: An ill-conditioned matrix detected: slice 0 has rcond = 7.751114594611863e-08.
  return linalg.solve(A, Xy, assume_a="pos", overwrite_a=True).T
D:\anaconda\envs\torch-gpu\Lib\site-packages\sklearn\linear_model\_ridge.py:227: LinAlgWarning: An ill-conditioned matrix detected: slice 0 has rcond = 7.661513024004307e-08.
  return linalg.solve(A, Xy, assume_a="pos", overwrite_a=True).T
D:\anaconda\envs\torch-gpu\Lib\site-packages\sklearn\linear_model\_ridge.py:227: LinAlgWarning: An ill-conditioned matrix detected: slice 0 has rcond = 3.1390805510511655e-09.
  return linalg.solve(A, Xy, assume_a="pos", overwrite_a=True).T
